// Jest Snapshot v1, https://goo.gl/fbAQLP

exports[`src/components/elements/ErrorPages render correctly 1`] = `
<section
  className="m-auto min-h-screen flex items-center justify-center"
>
  <div
    className="text-center"
  >
    <h1
      className="text-9xl font-extrabold tracking-wider text-cyan-500"
    >
      
    </h1>
    <p
      className="text-2xl font-semibold uppercase py-4"
    >
      
    </p>
    <Link
      href="/"
    >
      <a
        className="bg-cyan-500 hover:bg-cyan-600 font-semibold rounded-lg text-red-50 p-2"
      >
        Home
      </a>
    </Link>
  </div>
</section>
`;
